10-17 00:13:43.707 D/Region  ( 2110):   Region transparentRegionHint (this=0xb4000077beb5ad40, count=1)
10-17 00:13:43.707 D/Region  ( 2110):     [585, 833, 2807, 1064]
10-17 00:13:43.716 D/CompositionEngine( 2110): Layer: Taskbar#96 had an out of bounds transparent region
10-17 00:13:43.716 D/Region  ( 2110):   Region transparentRegionHint (this=0xb4000077beb5ad40, count=1)
10-17 00:13:43.716 D/Region  ( 2110):     [585, 833, 2807, 1064]
10-17 00:13:43.724 D/CompositionEngine( 2110): Layer: Taskbar#96 had an out of bounds transparent region
10-17 00:13:43.724 D/Region  ( 2110):   Region transparentRegionHint (this=0xb4000077beb5ad40, count=1)
10-17 00:13:43.724 D/Region  ( 2110):     [585, 833, 2807, 1064]
10-17 00:13:43.732 D/CompositionEngine( 2110): Layer: Taskbar#96 had an out of bounds transparent region
10-17 00:13:43.732 D/Region  ( 2110):   Region transparentRegionHint (this=0xb4000077beb5ad40, count=1)
10-17 00:13:43.732 D/Region  ( 2110):     [585, 833, 2807, 1064]
10-17 00:13:43.733 D/SurfaceFlinger( 2110): captureLayers from pid 4187 uid -333
10-17 00:13:43.740 D/OplusInfoMonitor( 2110): setListenerReport: reportInfo:
10-17 00:13:43.741 D/CompositionEngine( 2110): Layer: Taskbar#96 had an out of bounds transparent region
10-17 00:13:43.741 D/Region  ( 2110):   Region transparentRegionHint (this=0xb4000077beb5ad40, count=1)
10-17 00:13:43.741 D/Region  ( 2110):     [585, 833, 2807, 1064]
10-17 00:13:43.749 D/CompositionEngine( 2110): Layer: Taskbar#96 had an out of bounds transparent region
10-17 00:13:43.749 D/Region  ( 2110):   Region transparentRegionHint (this=0xb4000077beb5ad40, count=1)
10-17 00:13:43.749 D/Region  ( 2110):     [585, 833, 2807, 1064]
10-17 00:13:43.757 D/CompositionEngine( 2110): Layer: Taskbar#96 had an out of bounds transparent region
10-17 00:13:43.757 D/Region  ( 2110):   Region transparentRegionHint (this=0xb4000077beb5ad40, count=1)
10-17 00:13:43.757 D/Region  ( 2110):     [585, 833, 2807, 1064]
10-17 00:13:43.759 I/vendor.qti.bluetooth@1.0-ibs_handler( 1835): DeviceSleep: TX Awake, Sending SLEEP_IND
10-17 00:13:43.759 D/vendor.qti.bluetooth@1.0-ibs_handler( 1835): SerialClockVote: vote for UART CLK OFF
10-17 00:13:43.766 D/CompositionEngine( 2110): Layer: Taskbar#96 had an out of bounds transparent region
10-17 00:13:43.766 D/Region  ( 2110):   Region transparentRegionHint (this=0xb4000077beb5ad40, count=1)
10-17 00:13:43.766 D/Region  ( 2110):     [585, 833, 2807, 1064]
10-17 00:13:43.773 I/TcpSyn  ( 4267): onIfNameChange: foregroundAppChange
10-17 00:13:43.774 D/OplusWallpaperSurfaceAnimation( 3235): resetEnable curState: STARTED
10-17 00:13:43.774 D/CompositionEngine( 2110): Layer: Taskbar#96 had an out of bounds transparent region
10-17 00:13:43.774 D/Region  ( 2110):   Region transparentRegionHint (this=0xb4000077beb5ad40, count=1)
10-17 00:13:43.774 D/Region  ( 2110):     [585, 833, 2807, 1064]
10-17 00:13:43.774 D/OplusWallpaperAnimationManager( 3235): onAnimationEnd
10-17 00:13:43.774 D/OplusWallpaperAnimationManager( 3235): setSkipUpdateWallpaperPosition skip: false, wallpaper: Window{f321408 u0 true com.heytap.colorfulengine.wallpaper.services.PatternGlassWallpaperService}
10-17 00:13:43.774 D/OplusWallpaperSurfaceAnimation( 3235): setAnimationState curState: IDLE
10-17 00:13:43.774 W/UserAwareMgr( 3235): event can not be released, id: 5006, count: 20, releasePid: 3235
10-17 00:13:43.774 I/TcpSyn  ( 4267): onIfNameChange: foregroundAppChange appUid=[10208, 10383]
10-17 00:13:43.774 I/TcpSyn  ( 4267): updateAllUids
10-17 00:13:43.777 I/MultiPropertyFactory( 4024): name=TaskbarExpandIconContainer@4f714c6 target=class com.android.launcher3.taskbar.TaskbarExpandIconContainer oldValue=0.9995729 newValue=1.0 mInx=1 aggregated=1.0 others= [1.0, 1.0] caller=com.android.launcher3.taskbar.TransientTaskbarIconAlignmentRunner.getClosingAppViewAlphaUpdater$lambda$10:26 com.android.launcher3.taskbar.TransientTaskbarIconAlignmentRunner.d:0 com.android.launcher3.allapps.r.accept:28 com.android.quickstep.AnimatedFloat.lambda$setUpdateConsumer$1:9 com.android.quickstep.AnimatedFloat.a:0 com.android.launcher.touch.o.run:18 com.android.quickstep.AnimatedFloat.updateValue:3 com.android.quickstep.AnimatedFloat$1.setValue:2 com.android.quickstep.AnimatedFloat$1.setValue:1 android.animation.PropertyValuesHolder$FloatPropertyValuesHolder.setAnimatedValue:1379 android.animation.ObjectAnimator.animateValue:1001 android.animation.ValueAnimator.animateBasedOnTime:1443 android.animation.ValueAnimator.doAnimationFrame:1620 android.animation.AnimationHandler.doAnimationFrame:344 android.animation.AnimationHandler.-$$Nest$mdoAnimationFrame:0 
10-17 00:13:43.781 D/SurfaceFlinger( 2110): captureLayers from pid 4187 uid -333
10-17 00:13:43.782 D/OplusInfoMonitor( 2110): setListenerReport: reportInfo:
10-17 00:13:43.782 D/CompositionEngine( 2110): Layer: Taskbar#96 had an out of bounds transparent region
10-17 00:13:43.782 D/Region  ( 2110):   Region transparentRegionHint (this=0xb4000077beb5ad40, count=1)
10-17 00:13:43.782 D/Region  ( 2110):     [585, 833, 2807, 1064]
10-17 00:13:43.786 D/OplusScrollToTopManager( 4024): com.android.launcher/com.android.launcher.Launcher,This com.android.internal.policy.DecorView{465baf8 V.E...... R....... 0,0-3392,2400 aid=0 alpha=1.0 viewInfo = }[Launcher] change focus to true
10-17 00:13:43.829 D/SurfaceFlinger( 2110): captureLayers from pid 4187 uid -333
10-17 00:13:43.909 D/vendor.qti.bluetooth@1.0-wake_lock( 1835): Release wakelock is released 
10-17 00:13:43.969 I/SDM     ( 1877): DisplayBase::CommitThread: Received idle timeout, panel: video, timeout: 70000 us
10-17 00:13:44.171 I/PluginSeedling--Origin( 3850): OSenseManager-->isMEMHighPressure oldState:false newState: false isMEMHighPressure:false
10-17 00:13:44.517 E/TetherController( 1723): property_get sys.radio.data.modem_share_flag return 0, 1!
10-17 00:13:44.547 D/VRR [OTI]( 2110): handleIdle from 0 to 1
10-17 00:13:44.547 D/VRR [OTI-HW]( 2110): isStateReady 1
10-17 00:13:44.547 D/VRR [RefreshRateDirector]( 2110): requestRefreshRateByOti update [ oti-hw, {fps=50, modePtr={id=3, vsyncRate=50.00 Hz, peakRefreshRate=50.00 Hz}} ]
10-17 00:13:44.547 D/VRR [RefreshRateDirector]( 2110): selectBestFrameRate DirectorMapOti [oti-hw, {fps=50, modePtr={id=3, vsyncRate=50.00 Hz, peakRefreshRate=50.00 Hz}}]
10-17 00:13:44.547 D/VRR [RefreshRateDirector]( 2110): updateBestFrameRate [oti-hw, {fps=50, modePtr={id=3, vsyncRate=50.00 Hz, peakRefreshRate=50.00 Hz}}]
10-17 00:13:44.547 D/SurfaceFlinger( 2110): VRR [SurfaceFlinger] setDesiredActiveMode: displayId: 4630946983774026899, renderRate: 50, vsyncRate: 50, event: 0
10-17 00:13:44.547 D/DisplayModeController( 2110): setDesiredMode 4630946983774026899 {mode={fps=50.00 Hz, modePtr={id=3, vsyncRate=50.00 Hz, peakRefreshRate=50.00 Hz}}, emitEvent=false, force=false}
10-17 00:13:44.548 I/DisplayModeController( 2110): hwc begin mode change to 20000000
10-17 00:13:44.548 W/SDM     ( 1877): HWDeviceDRM::GetSupportedBitClkRate: Requested rate not supported: 1362553947
10-17 00:13:44.549 I/SDM     ( 1877): HWDeviceDRM::UpdateMixerAttributes: Mixer WxH 3392x2400-2 for Peripheral
10-17 00:13:44.549 I/SystemUi--NavBar( 3850): NoBackGesture-->display_id_0 updateGestureAreaRatio newSize: 53.0 ,mBottomGestureAreaHeightInMistouch: 53
10-17 00:13:44.549 I/SystemUi--NavBar( 3850): NoBackGesture-->display_id_0 updateGestureBottomArea: mBottomGestureAreaHeight = 53
10-17 00:13:44.549 I/CwbService( 1877): CwbService::notifyConfigChange: display:0, config:3 size:0, sec.size():0
10-17 00:13:44.549 I/CwbService( 1877): CwbService::notifyConfigChange: display: 0, config = 3
10-17 00:13:44.549 E/OplusInputManagerService_jni( 3235): updateInvalidRegion start!!!
10-17 00:13:44.549 E/InputDispatcherExtImpl( 3235): rectF left: 0.000000, top: 0.000000, right: 53.000000, bottom: 3392.000000 offset_left: 0.000000, offset_top: 0.000000, offset_right: 54.000000, offset_bottom: 0.000000, isClosedRegion:0
10-17 00:13:44.549 W/InputDispatcherExtImpl( 3235): invalidRegions and dispatchRegions map setted, key: homegesture_displayid_0
10-17 00:13:44.549 E/OplusInputManagerService_jni( 3235): updateInvalidRegion start!!!
10-17 00:13:44.550 E/OplusInputManagerService_jni( 3235): updateInvalidRegion start!!!
10-17 00:13:44.550 I/SDM     ( 1877): HWDeviceDRM::SetDisplaySwitchMode: Mode 3 already set
10-17 00:13:44.553 D/VRR [OTI-HW]( 2110): isStateReady 1
10-17 00:13:44.553 D/VRR [OTI-HW]( 2110): keep rate.
10-17 00:13:44.557 D/OplusAppQuickStart_AppQuickStartingSurface( 3235): task is not on display when StartingSurfaceTimeoutRunnable, use pendingTransaction
10-17 00:13:44.615 D/CommonApp-108-10453( 4267): transport layer data is invalid
10-17 00:13:44.630 I/SDM     ( 1877): DisplayBase::CommitThread: Received idle timeout, panel: video, timeout: 70000 us
10-17 00:13:44.649 D/skia    ( 2110): findCacheMissInfo vsync 6005837, result 0
10-17 00:13:44.719 I/SDM     ( 1877): DisplayBase::CommitThread: Received idle timeout, panel: video, timeout: 70000 us
10-17 00:13:44.755 D/RefreshRate( 3235): app switch boost timeout,transition isPlaying:false isInInterruptScene:false
10-17 00:13:44.798 I/SDM     ( 1877): DisplayBase::CommitThread: Received idle timeout, panel: video, timeout: 70000 us
10-17 00:13:44.802 D/OplusWifiPowerWakeupStats( 3235): wakeupType =  1*;*9*.*6*.*2*.*1*;*4*4*;*3*.*5*.*5*.*5*;*9*0*
10-17 00:13:44.812 I/vendor.qti.bluetooth@1.0-ibs_handler( 1835): ProcessIbsCmd: Received IBS_WAKE_IND: 0xFD
10-17 00:13:44.812 D/vendor.qti.bluetooth@1.0-ibs_handler( 1835): SerialClockVote: vote for UART CLK ON
10-17 00:13:44.812 D/vendor.qti.bluetooth@1.0-wake_lock( 1835): Acquire wakelock is acquired 
10-17 00:13:44.812 I/vendor.qti.bluetooth@1.0-ibs_handler( 1835): ProcessIbsCmd: Writing IBS_WAKE_ACK
10-17 00:13:44.853 I/vendor.qti.bluetooth@1.0-ibs_handler( 1835): ProcessIbsCmd: Received IBS_SLEEP_IND: 0xFE
10-17 00:13:44.853 D/vendor.qti.bluetooth@1.0-ibs_handler( 1835): SerialClockVote: vote for UART CLK OFF
10-17 00:13:44.878 I/SDM     ( 1877): DisplayBase::CommitThread: Received idle timeout, panel: video, timeout: 69999 us
10-17 00:13:44.908 I/vendor.qti.bluetooth@1.0-ibs_handler( 1835): ProcessIbsCmd: Received IBS_WAKE_IND: 0xFD
10-17 00:13:44.908 D/vendor.qti.bluetooth@1.0-ibs_handler( 1835): SerialClockVote: vote for UART CLK ON
10-17 00:13:44.908 I/vendor.qti.bluetooth@1.0-ibs_handler( 1835): ProcessIbsCmd: Writing IBS_WAKE_ACK
10-17 00:13:44.949 I/vendor.qti.bluetooth@1.0-ibs_handler( 1835): ProcessIbsCmd: Received IBS_SLEEP_IND: 0xFE
10-17 00:13:44.949 D/vendor.qti.bluetooth@1.0-ibs_handler( 1835): SerialClockVote: vote for UART CLK OFF
10-17 00:13:44.957 I/SDM     ( 1877): DisplayBase::CommitThread: Received idle timeout, panel: video, timeout: 70000 us
10-17 00:13:44.993 D/BluetoothAdapter( 4613): isLeEnabled(): ON
10-17 00:13:44.995 W/IPCThreadState( 3235): Sending oneway calls to frozen process.
10-17 00:13:44.997 I/AppScanStats( 4428): BLE_SCAN_RESULT_RECEIVED[4]reportBleScanResults=0
10-17 00:13:44.997 I/AppScanStats( 4428): BLE_SCAN_STATE_CHANGED[4]reportBleScanStopped=false
10-17 00:13:44.999 W/IPCThreadState( 3235): Sending oneway calls to frozen process.
10-17 00:13:44.999 I/bt_shim_scanner( 4428): [le_scanning_manager.cc:236] ScanFilterParamSetup: in shim layer, clientIf=4
10-17 00:13:44.999 I/bt_shim_scanner( 4428): [le_scanning_manager.cc:195] Unregister: in shim layer, scannerId=4
10-17 00:13:45.000 I/OplusCustomScanStrategy( 4428): msg.what = 6
10-17 00:13:45.000 D/vendor.qti.bluetooth@1.0-ibs_handler( 1835): SerialClockVote: vote for UART CLK ON
10-17 00:13:45.000 I/bt_shim_scanner( 4428): [le_scanning_manager.cc:236] ScanFilterParamSetup: in shim layer, clientIf=4
10-17 00:13:45.000 I/vendor.qti.bluetooth@1.0-ibs_handler( 1835): DeviceWakeUp: Writing IBS_WAKE_IND
10-17 00:13:45.000 D/BluetoothAdapter( 4613): isLeEnabled(): ON
10-17 00:13:45.000 D/OplusSplitScreenManagerService( 3235): com.android.launcher supportsSplitScreen by forceResizable activity return:true
10-17 00:13:45.000 I/bt_shim_scanner( 4428): [le_scanning_manager.cc:201] Scan: in shim layer stopped
10-17 00:13:45.000 I/bt_shim_scanner( 4428): [le_scanning_manager.cc:379] SetScanParameters: in shim layer, scannerId=1 scan_phy=1
10-17 00:13:45.000 D/OplusSplitScreenManagerService( 3235): com.android.launcher supportsSplitScreen by forceResizable activity return:false
10-17 00:13:45.000 I/vendor.qti.bluetooth@1.0-ibs_handler( 1835): ProcessIbsCmd: Received IBS_WAKE_ACK: 0xFC
10-17 00:13:45.001 I/vendor.qti.bluetooth@1.0-ibs_handler( 1835): ProcessIbsCmd: Signal wack_cond_
10-17 00:13:45.001 I/bt_shim_scanner( 4428): [le_scanning_manager.cc:201] Scan: in shim layer started
10-17 00:13:45.001 D/vendor.qti.bluetooth@1.0-ibs_handler( 1835): DeviceWakeUp: Unblocked from waiting for FC, pthread_cond_timedwait ret = 0
10-17 00:13:45.001 D/bluetooth( 4428): [le_scanning_manager.cc:583] unregister_scanner: Unregister scanner successful, scannerId=4
10-17 00:13:45.001 I/bluetooth( 4428): [le_address_manager.cc:246] unregister_client: Client unregistered
10-17 00:13:45.001 I/bluetooth( 4428): [le_scanning_manager.cc:645] stop_scan: Scanning already stopped, return!
10-17 00:13:45.001 I/bluetooth( 4428): [le_address_manager.cc:231] register_client: Client registered
10-17 00:13:45.001 I/vendor.qti.bluetooth@1.0-ibs_handler( 1835): ProcessIbsCmd: Received IBS_WAKE_IND: 0xFD
10-17 00:13:45.001 W/IPCThreadState( 3235): Sending oneway calls to frozen process.
10-17 00:13:45.001 I/vendor.qti.bluetooth@1.0-ibs_handler( 1835): ProcessIbsCmd: Writing IBS_WAKE_ACK
10-17 00:13:45.002 I/bt_shim_scanner( 4428): [le_scanning_manager.cc:188] RegisterScanner: in shim layer
10-17 00:13:45.003 D/BluetoothLeScanner( 4613): onScannerRegistered() - status=0 scannerId=4 mScannerId=0
10-17 00:13:45.004 W/IPCThreadState( 3235): Sending oneway calls to frozen process.
10-17 00:13:45.005 I/AppScanStats( 4428): BLE_SCAN_STATE_CHANGED[4]reportBleScanStarted=false
10-17 00:13:45.005 I/NearbySharing( 4613): Started scanning for FastInitiation with mode: SCAN_MODE_AMBIENT_DISCOVERY
10-17 00:13:45.005 I/NearbySharing( 4613): FastInitiation warming period has ended
10-17 00:13:45.006 I/oplus_bt_dual_sync( 4428): stack_down_sync_action: type=29, len=15
10-17 00:13:45.007 D/OplusSplitScreenManagerService( 3235): com.android.launcher supportsSplitScreen by forceResizable activity return:true
10-17 00:13:45.007 D/OplusSplitScreenManagerService( 3235): com.android.launcher supportsSplitScreen by forceResizable activity return:false
10-17 00:13:45.007 I/bt_shim_scanner( 4428): [le_scanning_manager.cc:298] ScanFilterEnable: in shim layer
10-17 00:13:45.008 I/bt_shim_scanner( 4428): [le_scanning_manager.cc:274] ScanFilterAdd: in shim layer
10-17 00:13:45.008 D/OplusSplitScreenManagerService( 3235): com.android.launcher supportsSplitScreen by forceResizable activity return:true
10-17 00:13:45.008 D/OplusSplitScreenManagerService( 3235): com.android.launcher supportsSplitScreen by forceResizable activity return:false
10-17 00:13:45.009 I/bt_shim_scanner( 4428): [le_scanning_manager.cc:236] ScanFilterParamSetup: in shim layer, clientIf=4
10-17 00:13:45.009 I/bt_shim_scanner( 4428): [le_scanning_manager.cc:274] ScanFilterAdd: in shim layer
10-17 00:13:45.009 D/OplusSplitScreenManagerService( 3235): com.android.launcher supportsSplitScreen by forceResizable activity return:true
10-17 00:13:45.010 D/OplusSplitScreenManagerService( 3235): com.android.launcher supportsSplitScreen by forceResizable activity return:false
10-17 00:13:45.010 I/bt_shim_scanner( 4428): [le_scanning_manager.cc:236] ScanFilterParamSetup: in shim layer, clientIf=4
10-17 00:13:45.010 I/OplusCustomScanStrategy( 4428): msg.what = 6
10-17 00:13:45.011 W/IScanClientWrapper( 4428): enter default getPassiveSettings!
10-17 00:13:45.011 D/OplusSplitScreenManagerService( 3235): com.android.launcher supportsSplitScreen by forceResizable activity return:true
10-17 00:13:45.011 D/OplusSplitScreenManagerService( 3235): com.android.launcher supportsSplitScreen by forceResizable activity return:false
10-17 00:13:45.011 D/OplusSplitScreenManagerService( 3235): com.android.launcher supportsSplitScreen by forceResizable activity return:true
10-17 00:13:45.011 D/OplusSplitScreenManagerService( 3235): com.android.launcher supportsSplitScreen by forceResizable activity return:false
10-17 00:13:45.012 I/bt_shim_scanner( 4428): [le_scanning_manager.cc:201] Scan: in shim layer stopped
10-17 00:13:45.012 I/bt_shim_scanner( 4428): [le_scanning_manager.cc:379] SetScanParameters: in shim layer, scannerId=1 scan_phy=5
10-17 00:13:45.012 I/bluetooth( 4428): [le_address_manager.cc:246] unregister_client: Client unregistered
10-17 00:13:45.012 I/bt_shim_scanner( 4428): [le_scanning_manager.cc:201] Scan: in shim layer started
10-17 00:13:45.012 I/bluetooth( 4428): [le_scanning_manager.cc:645] stop_scan: Scanning already stopped, return!
10-17 00:13:45.012 I/bluetooth( 4428): [le_address_manager.cc:231] register_client: Client registered
10-17 00:13:45.037 I/SDM     ( 1877): DisplayBase::CommitThread: Received idle timeout, panel: video, timeout: 70000 us
10-17 00:13:45.057 I/vendor.qti.bluetooth@1.0-ibs_handler( 1835): ProcessIbsCmd: Received IBS_SLEEP_IND: 0xFE
10-17 00:13:45.116 I/SDM     ( 1877): DisplayBase::CommitThread: Received idle timeout, panel: video, timeout: 70000 us
10-17 00:13:45.196 I/SDM     ( 1877): DisplayBase::CommitThread: Received idle timeout, panel: video, timeout: 70000 us
10-17 00:13:45.266 I/vendor.qti.bluetooth@1.0-ibs_handler( 1835): DeviceSleep: TX Awake, Sending SLEEP_IND
10-17 00:13:45.266 D/vendor.qti.bluetooth@1.0-ibs_handler( 1835): SerialClockVote: vote for UART CLK OFF
10-17 00:13:45.276 I/SDM     ( 1877): DisplayBase::CommitThread: Received idle timeout, panel: video, timeout: 70000 us
10-17 00:13:45.319 E/TaskPersister( 3235): File error accessing recents directory (directory doesn't exist?).
10-17 00:13:45.357 I/SDM     ( 1877): DisplayBase::CommitThread: Received idle timeout, panel: video, timeout: 70000 us
10-17 00:13:45.416 D/vendor.qti.bluetooth@1.0-wake_lock( 1835): Release wakelock is released 
10-17 00:13:45.437 I/SDM     ( 1877): DisplayBase::CommitThread: Received idle timeout, panel: video, timeout: 69999 us
